Your transformers version is too old to load Mistral3Model and Ministral3ForCausalLM. If you wish to use ErnieImage, please upgrade your transformers package to the latest version.
/workspace/ace-audit/third_party/ace/third_party/videox_fun/dist/flashhead_xfuser.py:22: FutureWarning: `torch.cuda.amp.autocast(args...)` is deprecated. Please use `torch.amp.autocast('cuda', args...)` instead.
  @amp.autocast(enabled=False)
/workspace/ace-audit/third_party/ace/third_party/videox_fun/dist/infinitalk_xfuser.py:22: FutureWarning: `torch.cuda.amp.autocast(args...)` is deprecated. Please use `torch.amp.autocast('cuda', args...)` instead.
  @amp.autocast(enabled=False)
/workspace/ace-audit/third_party/ace/third_party/videox_fun/dist/wan_xfuser.py:24: FutureWarning: `torch.cuda.amp.autocast(args...)` is deprecated. Please use `torch.amp.autocast('cuda', args...)` instead.
  @amp.autocast(enabled=False)
/workspace/ace-audit/third_party/ace/third_party/videox_fun/dist/wan_xfuser.py:66: FutureWarning: `torch.cuda.amp.autocast(args...)` is deprecated. Please use `torch.amp.autocast('cuda', args...)` instead.
  @amp.autocast(enabled=False)
/workspace/ace-audit/third_party/ace/third_party/videox_fun/dist/wan_xfuser.py:165: FutureWarning: `torch.cuda.amp.autocast(args...)` is deprecated. Please use `torch.amp.autocast('cuda', args...)` instead.
  @amp.autocast(enabled=False)
/workspace/ace-audit/third_party/ace/third_party/videox_fun/models/wan_transformer3d.py:56: FutureWarning: `torch.cuda.amp.autocast(args...)` is deprecated. Please use `torch.amp.autocast('cuda', args...)` instead.
  @amp.autocast(enabled=False)
/workspace/ace-audit/third_party/ace/third_party/videox_fun/models/wan_transformer3d.py:81: FutureWarning: `torch.cuda.amp.autocast(args...)` is deprecated. Please use `torch.amp.autocast('cuda', args...)` instead.
  @amp.autocast(enabled=False)
/workspace/ace-audit/third_party/ace/third_party/videox_fun/models/wan_transformer3d.py:143: FutureWarning: `torch.cuda.amp.autocast(args...)` is deprecated. Please use `torch.amp.autocast('cuda', args...)` instead.
  @amp.autocast(enabled=False)
/workspace/ace-audit/third_party/ace/third_party/videox_fun/models/wan_transformer3d_self_forcing.py:43: FutureWarning: `torch.cuda.amp.autocast(args...)` is deprecated. Please use `torch.amp.autocast('cuda', args...)` instead.
  @amp.autocast(enabled=False)
/workspace/ace-audit/third_party/ace/third_party/videox_fun/models/wan_audio_injector.py:103: FutureWarning: `torch.cuda.amp.autocast(args...)` is deprecated. Please use `torch.amp.autocast('cuda', args...)` instead.
  @amp.autocast(enabled=False)
/workspace/ace-audit/third_party/ace/third_party/videox_fun/models/wan_audio_injector.py:114: FutureWarning: `torch.cuda.amp.autocast(args...)` is deprecated. Please use `torch.amp.autocast('cuda', args...)` instead.
  @amp.autocast(enabled=False)
/workspace/ace-audit/third_party/ace/third_party/videox_fun/models/wan_transformer3d_s2v.py:55: FutureWarning: `torch.cuda.amp.autocast(args...)` is deprecated. Please use `torch.amp.autocast('cuda', args...)` instead.
  @amp.autocast(enabled=False)
caption embed ((27, 4096)) -> /workspace/ace-audit/third_party/ace/cache/caption_embed.pt
