WARNING: You are using a MANO model, with only 10 shape coefficients.
WARNING: You are using a MANO model, with only 10 shape coefficients.
{
  "final_mano": {
    "absolute_mpjpe_mm": 108.18453458232989,
    "wrist_relative_mpjpe_mm": 16.453029900285554,
    "pa_mpjpe_mm": 5.811143330798592,
    "wrist_mm": 113.61852544013765,
    "fingertips_mm": 107.43541412353585,
    "joint_coverage": 0.7736625514403292,
    "frame_coverage_any": 0.7736625514403292,
    "frame_coverage_all_eligible": 0.7736625514403292,
    "eligible_joints": 5103,
    "observed_joints": 3948,
    "per_joint_mm": [
      113.61852544013765,
      111.78229619715127,
      108.65804385058865,
      106.10661359285585,
      100.6864210990971,
      106.69570479674502,
      103.76325217419442,
      105.14572554825126,
      108.86438304542796,
      107.07276577888071,
      107.51040079547718,
      105.61805215112204,
      103.81499991726874,
      109.23851854366268,
      109.7810079173579,
      111.62896446398543,
      112.0567102773066,
      110.95922408080773,
      108.39240628136878,
      108.72665399866203,
      111.7545562785789
    ],
    "median_mm": 101.481174460863,
    "p90_mm": 140.03865688770284,
    "p95_mm": 154.52032410125543,
    "capped_error_with_missing_penalty_mm": 96.85161780274588,
    "missing_penalty_mm": 100.0,
    "depth_mae_mm": 90.1962713071399,
    "lateral_error_mm": 55.386901652856785,
    "tracking_discontinuities": 42,
    "by_depth": {
      "0-0.3m": 102.4204179627909,
      "0.3-0.5m": 105.65049292569275,
      "0.5-0.8m": 127.63884227806653,
      "0.8-2.0m": null
    }
  },
  "auxiliary_direct": {
    "absolute_mpjpe_mm": 104.07045494547737,
    "wrist_relative_mpjpe_mm": 15.707234230479731,
    "pa_mpjpe_mm": 6.4323369920412645,
    "wrist_mm": 102.96647103132547,
    "fingertips_mm": 104.56157380760332,
    "joint_coverage": 0.7736625514403292,
    "frame_coverage_any": 0.7736625514403292,
    "frame_coverage_all_eligible": 0.7736625514403292,
    "eligible_joints": 5103,
    "observed_joints": 3948,
    "per_joint_mm": [
      102.96647103132547,
      102.43063651312076,
      99.36582041957166,
      101.80412017372483,
      99.98376713336837,
      102.71300318800215,
      102.53350921951669,
      101.85309048232288,
      103.24610252002992,
      103.59927612921351,
      106.33918433268825,
      104.81775942153084,
      104.56471174530405,
      104.84108191795187,
      105.66545454329243,
      106.4585512790579,
      107.05181496815672,
      107.84983888272102,
      104.52300625838417,
      104.91088102458349,
      107.96147267115757
    ],
    "median_mm": 102.75281057327169,
    "p90_mm": 123.65049541861246,
    "p95_mm": 136.39912352403175,
    "capped_error_with_missing_penalty_mm": 96.84954439262728,
    "missing_penalty_mm": 100.0,
    "depth_mae_mm": 98.77838951506271,
    "lateral_error_mm": 30.183895793489963,
    "tracking_discontinuities": 42,
    "by_depth": {
      "0-0.3m": 98.69679537854721,
      "0.3-0.5m": 102.88058772503318,
      "0.5-0.8m": 118.29050159185158,
      "0.8-2.0m": null
    }
  }
}
