WARNING: You are using a MANO model, with only 10 shape coefficients.
WARNING: You are using a MANO model, with only 10 shape coefficients.
{
  "final_mano": {
    "absolute_mpjpe_mm": 107.82884600389815,
    "wrist_relative_mpjpe_mm": 16.394577976350682,
    "pa_mpjpe_mm": 5.845793968985461,
    "wrist_mm": 113.10809276618149,
    "fingertips_mm": 107.01960230390496,
    "joint_coverage": 0.7736625514403292,
    "frame_coverage_any": 0.7736625514403292,
    "frame_coverage_all_eligible": 0.7736625514403292,
    "eligible_joints": 5103,
    "observed_joints": 3948,
    "per_joint_mm": [
      113.10809276618149,
      111.33257583212512,
      108.25999492612472,
      105.72889624847689,
      100.29260052855942,
      106.42819801195942,
      103.52434931487754,
      104.83056725294213,
      108.4402362005861,
      106.8172423839828,
      107.18221591762793,
      105.18848196496242,
      103.24318613937896,
      108.9314041782183,
      109.49790845037155,
      111.28449566305511,
      111.64160005362008,
      110.60459682328741,
      108.11747841873235,
      108.4712564094112,
      111.4803885973802
    ],
    "median_mm": 100.92887823529185,
    "p90_mm": 139.27901667511435,
    "p95_mm": 152.49331279911533,
    "capped_error_with_missing_penalty_mm": 96.77190399920141,
    "missing_penalty_mm": 100.0,
    "depth_mae_mm": 89.90790066144145,
    "lateral_error_mm": 55.163628219709445,
    "tracking_discontinuities": 42,
    "by_depth": {
      "0-0.3m": 100.80107508368073,
      "0.3-0.5m": 105.17179110650478,
      "0.5-0.8m": 130.10338215462505,
      "0.8-2.0m": null
    }
  },
  "auxiliary_direct": {
    "absolute_mpjpe_mm": 104.0338901862266,
    "wrist_relative_mpjpe_mm": 15.519143441433036,
    "pa_mpjpe_mm": 6.402239123649806,
    "wrist_mm": 102.83808894044678,
    "fingertips_mm": 104.4419996027887,
    "joint_coverage": 0.7736625514403292,
    "frame_coverage_any": 0.7736625514403292,
    "frame_coverage_all_eligible": 0.7736625514403292,
    "eligible_joints": 5103,
    "observed_joints": 3948,
    "per_joint_mm": [
      102.83808894044678,
      102.43922632553969,
      99.38675483119817,
      101.76104934981645,
      99.92047086533378,
      102.8012203979321,
      102.64078639794411,
      101.97803002247592,
      103.30794406726974,
      103.62674333756375,
      106.36902170075135,
      104.75067814305851,
      104.41269004985442,
      104.80656533829077,
      105.66042123264053,
      106.32847011632346,
      106.80036148378542,
      107.80351960178129,
      104.47987127154754,
      104.83124888950469,
      107.76853154770015
    ],
    "median_mm": 102.56535385268457,
    "p90_mm": 123.85146729337959,
    "p95_mm": 136.8299142813167,
    "capped_error_with_missing_penalty_mm": 96.64913742959001,
    "missing_penalty_mm": 100.0,
    "depth_mae_mm": 98.64106979655156,
    "lateral_error_mm": 30.441538245641333,
    "tracking_discontinuities": 42,
    "by_depth": {
      "0-0.3m": 97.91635412173973,
      "0.3-0.5m": 102.78812419856284,
      "0.5-0.8m": 119.85895815721534,
      "0.8-2.0m": null
    }
  }
}
