WARNING: You are using a MANO model, with only 10 shape coefficients.
WARNING: You are using a MANO model, with only 10 shape coefficients.
{
  "final_mano": {
    "absolute_mpjpe_mm": 111.0815760973819,
    "wrist_relative_mpjpe_mm": 17.419337433787355,
    "pa_mpjpe_mm": 6.150446585063069,
    "wrist_mm": 114.01306325828793,
    "fingertips_mm": 110.31624928599066,
    "joint_coverage": 0.72,
    "frame_coverage_any": 0.72,
    "frame_coverage_all_eligible": 0.72,
    "eligible_joints": 9450,
    "observed_joints": 6804,
    "per_joint_mm": [
      114.01306325828793,
      113.52037636927159,
      111.1160913060905,
      109.29312087943667,
      103.8061180979928,
      110.66126014196313,
      109.5657424095694,
      111.22535655964764,
      115.12504281029327,
      110.73515773912698,
      111.15182200602669,
      109.78784703830213,
      108.55298477734586,
      111.97077881758571,
      112.11806886018573,
      113.13089978213662,
      112.6358996476062,
      112.85260518078765,
      110.18845951004168,
      109.80120175660662,
      111.4612010967152
    ],
    "median_mm": 103.79796828531966,
    "p90_mm": 160.953740412701,
    "p95_mm": 190.91411066070475,
    "capped_error_with_missing_penalty_mm": 94.68180764686115,
    "missing_penalty_mm": 100.0,
    "depth_mae_mm": 93.24293587792627,
    "lateral_error_mm": 56.50263164985853,
    "tracking_discontinuities": 105,
    "by_depth": {
      "0-0.3m": 94.88670454161458,
      "0.3-0.5m": 105.39337485396302,
      "0.5-0.8m": 148.97621311139892,
      "0.8-2.0m": null
    }
  },
  "auxiliary_direct": {
    "absolute_mpjpe_mm": 106.93350250073641,
    "wrist_relative_mpjpe_mm": 17.08090876350303,
    "pa_mpjpe_mm": 6.601752644103851,
    "wrist_mm": 103.41496960105634,
    "fingertips_mm": 106.71330720550948,
    "joint_coverage": 0.72,
    "frame_coverage_any": 0.72,
    "frame_coverage_all_eligible": 0.72,
    "eligible_joints": 9450,
    "observed_joints": 6804,
    "per_joint_mm": [
      103.41496960105634,
      103.20079285968538,
      101.18704173313652,
      104.26705545629792,
      102.46462300397833,
      106.66370165796009,
      107.4975425159245,
      106.84760277792577,
      107.98570959565204,
      108.12115262141306,
      109.88258842179779,
      107.8180400919597,
      106.5235865174826,
      109.05874566793824,
      109.03879150745246,
      108.81867859483262,
      107.61348990356706,
      110.66218089691523,
      108.06460184124525,
      107.49353024237644,
      108.97912700686736
    ],
    "median_mm": 105.27433968762696,
    "p90_mm": 141.3303833269208,
    "p95_mm": 158.2243235243201,
    "capped_error_with_missing_penalty_mm": 95.2837506090004,
    "missing_penalty_mm": 100.0,
    "depth_mae_mm": 101.44667286887932,
    "lateral_error_mm": 29.596075670838943,
    "tracking_discontinuities": 105,
    "by_depth": {
      "0-0.3m": 94.7829996392431,
      "0.3-0.5m": 104.41719120013595,
      "0.5-0.8m": 131.46410849736753,
      "0.8-2.0m": null
    }
  }
}
