WARNING: You are using a MANO model, with only 10 shape coefficients.
WARNING: You are using a MANO model, with only 10 shape coefficients.
{
  "final_mano": {
    "absolute_mpjpe_mm": 136.95497192504885,
    "wrist_relative_mpjpe_mm": 12.397103506670868,
    "pa_mpjpe_mm": 5.6025720628141675,
    "wrist_mm": 135.14721606764792,
    "fingertips_mm": 137.25747788874844,
    "joint_coverage": 0.56,
    "frame_coverage_any": 0.56,
    "frame_coverage_all_eligible": 0.56,
    "eligible_joints": 9450,
    "observed_joints": 5292,
    "per_joint_mm": [
      135.14721606764792,
      136.16330784814298,
      137.2440375162445,
      140.0268612859954,
      131.58573102308057,
      137.59414990144796,
      139.20130005260157,
      139.77566955221909,
      142.5799951862227,
      136.54405205845396,
      137.1043299529269,
      138.30653399551574,
      140.5625315022671,
      135.58066567772062,
      137.24062684217444,
      137.3173721978449,
      138.4398677911898,
      134.25249221049566,
      134.55254562079583,
      133.7158602020565,
      133.11926394098194
    ],
    "median_mm": 129.5054231852058,
    "p90_mm": 173.27294305576618,
    "p95_mm": 179.82134194756244,
    "capped_error_with_missing_penalty_mm": 99.05530924104272,
    "missing_penalty_mm": 100.0,
    "depth_mae_mm": 121.16127824431915,
    "lateral_error_mm": 52.038070835779976,
    "tracking_discontinuities": 105,
    "by_depth": {
      "0-0.3m": 191.9177613674936,
      "0.3-0.5m": 137.3952931876842,
      "0.5-0.8m": 128.20343271418963,
      "0.8-2.0m": null
    }
  },
  "auxiliary_direct": {
    "absolute_mpjpe_mm": 127.62264461982332,
    "wrist_relative_mpjpe_mm": 13.407451142879962,
    "pa_mpjpe_mm": 5.81266516535967,
    "wrist_mm": 122.11939653694742,
    "fingertips_mm": 129.72356627567646,
    "joint_coverage": 0.56,
    "frame_coverage_any": 0.56,
    "frame_coverage_all_eligible": 0.56,
    "eligible_joints": 9450,
    "observed_joints": 5292,
    "per_joint_mm": [
      122.11939653694742,
      122.99444518966389,
      124.37887973415476,
      128.72421179216562,
      123.9460886775955,
      126.62489009418618,
      130.37266095947763,
      131.42309525091025,
      132.59144337137627,
      126.50438815792224,
      129.3802658605329,
      131.75916276899835,
      133.95356837672784,
      125.51130284671943,
      129.19021333357244,
      131.34530836844553,
      132.80050625856538,
      123.2118628346887,
      123.21828376010492,
      124.69933814941679,
      125.32622469411731
    ],
    "median_mm": 127.99561201813717,
    "p90_mm": 152.4452399460145,
    "p95_mm": 157.68357212093835,
    "capped_error_with_missing_penalty_mm": 99.26053223486399,
    "missing_penalty_mm": 100.0,
    "depth_mae_mm": 124.0857871008568,
    "lateral_error_mm": 24.2468313692111,
    "tracking_discontinuities": 105,
    "by_depth": {
      "0-0.3m": 107.56786108637367,
      "0.3-0.5m": 127.59358393327894,
      "0.5-0.8m": 129.14138355782256,
      "0.8-2.0m": null
    }
  }
}
