WARNING: You are using a MANO model, with only 10 shape coefficients.
WARNING: You are using a MANO model, with only 10 shape coefficients.
{
  "final_mano": {
    "absolute_mpjpe_mm": 142.3081621422644,
    "wrist_relative_mpjpe_mm": 18.69263661702891,
    "pa_mpjpe_mm": 5.78650181778285,
    "wrist_mm": 135.2879949285236,
    "fingertips_mm": 146.7198398152565,
    "joint_coverage": 0.7736625514403292,
    "frame_coverage_any": 0.7736625514403292,
    "frame_coverage_all_eligible": 0.7736625514403292,
    "eligible_joints": 5103,
    "observed_joints": 3948,
    "per_joint_mm": [
      135.2879949285236,
      136.06196715884627,
      135.0285800284685,
      134.45637020678456,
      132.71225488582073,
      137.30931810061446,
      137.95738293364514,
      141.2536598715071,
      146.95975937717031,
      138.7734537041225,
      143.7580437219947,
      144.6694541057939,
      145.5824630654129,
      140.24876790362504,
      146.26008667953306,
      151.9480672147684,
      155.72115138094966,
      141.51853252681843,
      143.17320434934095,
      147.16732247688262,
      152.62357036692882
    ],
    "median_mm": 133.54805331335547,
    "p90_mm": 196.68258982338006,
    "p95_mm": 217.40046623082964,
    "capped_error_with_missing_penalty_mm": 99.58195733074186,
    "missing_penalty_mm": 100.0,
    "depth_mae_mm": 114.90792464068595,
    "lateral_error_mm": 78.60761590926792,
    "tracking_discontinuities": 42,
    "by_depth": {
      "0-0.3m": 119.06266936307945,
      "0.3-0.5m": 154.1314437414089,
      "0.5-0.8m": 147.2334711203763,
      "0.8-2.0m": null
    }
  },
  "auxiliary_direct": {
    "absolute_mpjpe_mm": 133.94941139720828,
    "wrist_relative_mpjpe_mm": 17.672690378957295,
    "pa_mpjpe_mm": 6.722313819205501,
    "wrist_mm": 124.84130561368448,
    "fingertips_mm": 136.7529528798413,
    "joint_coverage": 0.7736625514403292,
    "frame_coverage_any": 0.7736625514403292,
    "frame_coverage_all_eligible": 0.7736625514403292,
    "eligible_joints": 5103,
    "observed_joints": 3948,
    "per_joint_mm": [
      124.84130561368448,
      128.45235487004518,
      127.57887792666519,
      130.85219279947546,
      132.41181783667994,
      131.2766503662824,
      132.07914850651673,
      132.90501709088122,
      134.67817732097748,
      132.15872498730525,
      137.53578593830863,
      136.96454786882754,
      136.4911897180646,
      133.2954437358988,
      136.56658890808666,
      138.5847581226368,
      140.04761423505354,
      135.75125826118082,
      134.37171566412178,
      135.95850428225086,
      140.13596528843098
    ],
    "median_mm": 137.2516918749491,
    "p90_mm": 159.61636178233124,
    "p95_mm": 174.16821015635543,
    "capped_error_with_missing_penalty_mm": 99.45107573993018,
    "missing_penalty_mm": 100.0,
    "depth_mae_mm": 121.83610091727556,
    "lateral_error_mm": 53.87827732900773,
    "tracking_discontinuities": 42,
    "by_depth": {
      "0-0.3m": 114.24018514627262,
      "0.3-0.5m": 143.99304305454402,
      "0.5-0.8m": 138.06436452994967,
      "0.8-2.0m": null
    }
  }
}
